2017-05-01 14:02:37,140 - tests_log: roTest loading...
2017-05-01 14:02:37,143 - tests_log: roTest loaded.
2017-05-01 14:02:37,144 - tests_log: roTest added to the test suite.
2017-05-01 14:02:37,144 - tests_log: rwTest loading...
2017-05-01 14:02:37,146 - tests_log: rwTest loaded.
2017-05-01 14:02:37,147 - tests_log: rwTest added to the test suite.
2017-05-01 14:02:37,147 - tests_log: ownTest loading...
2017-05-01 14:02:37,149 - tests_log: ownTest loaded.
2017-05-01 14:02:37,149 - tests_log: ownTest added to the test suite.
2017-05-01 14:02:37,150 - tests_log: _________________Tests execution began__________________
2017-05-01 14:02:37,150 - tests_log: ______NFS folder "read-only" attributes test began______
2017-05-01 14:02:37,151 - tests_log: File creation test began.
2017-05-01 14:04:04,861 - tests_log.stderr: bash: /mnt/test_ro_nfs/creation_check: Read-only file system
2017-05-01 14:04:04,862 - tests_log: 		Test passed.
2017-05-01 14:04:04,862 - tests_log: File edition test began.
2017-05-01 14:04:05,397 - tests_log.stderr: bash: /mnt/test_ro_nfs/edition_check: Read-only file system
2017-05-01 14:04:05,397 - tests_log: 		Test passed.
2017-05-01 14:04:05,398 - tests_log: File deletion test began.
2017-05-01 14:04:06,132 - tests_log.stderr: m: cannot remove '/mnt/test_nfs/creation_check': No such file or directory
2017-05-01 14:04:06,133 - tests_log: 		Test passed.
2017-05-01 14:04:06,133 - tests_log: ______NFS folder "read-write" attributes test began______
2017-05-01 14:04:06,133 - tests_log: File creation test began.
2017-05-01 14:04:06,680 - tests_log: 		Test passed.
2017-05-01 14:04:06,680 - tests_log: File edition test began.
2017-05-01 14:04:07,385 - tests_log: 		Test passed.
2017-05-01 14:04:07,386 - tests_log: File deletion test began.
2017-05-01 14:04:07,972 - tests_log: 		Test passed.
2017-05-01 14:04:07,973 - tests_log: ______NFS folder user access permission test began______
2017-05-01 14:04:07,973 - tests_log: New client user creation.
2017-05-01 14:04:08,697 - tests_log.stderr: Enter new UNIX password: Retype new UNIX password: passwd: password updated successfully
2017-05-01 14:04:08,698 - tests_log: 		User created.
2017-05-01 14:04:08,698 - tests_log: Main user permission test began.
2017-05-01 14:04:09,301 - tests_log.stderr: 
2017-05-01 14:04:09,301 - tests_log: 		Test passed.
2017-05-01 14:04:09,301 - tests_log: Deletion of the created user...
2017-05-01 14:04:10,016 - tests_log: 		User deleted.
2017-05-01 14:04:10,017 - tests_log: ______NFS folder user access permission test began______
2017-05-01 14:04:10,017 - tests_log: New client user creation.
2017-05-01 14:04:10,673 - tests_log.stderr: Enter new UNIX password: Retype new UNIX password: passwd: password updated successfully
2017-05-01 14:04:10,673 - tests_log: 		User created.
2017-05-01 14:04:10,673 - tests_log: Newly created user permission test began.
2017-05-01 14:04:12,489 - tests_log.stderr: nuser: warning: cannot change directory to /home/test_user: No such file or directory
bash: /mnt/test_nfs/edition_check: Permission denied
2017-05-01 14:04:12,489 - tests_log: 		Test passed.
2017-05-01 14:04:12,489 - tests_log: Deletion of the created user...
2017-05-01 14:04:13,188 - tests_log: 		User deleted.
